<area shape="rect" id="node3" href="$classDFLib_1_1Util_1_1Minimizer.html#276ee473f3c9d3dfe847b6b845d60166" title="bracket minimum of function" alt="" coords="260,30,513,58">
<area shape="rect" id="node5" href="$classDFLib_1_1Util_1_1Minimizer.html#144e57b3492287fc57c1cdce8198cb3d" title="minimize function in given direction perform a line search along the given direction..." alt="" coords="564,30,783,58">
<area shape="rect" id="node7" href="$classDFLib_1_1Util_1_1Minimizer.html#a3937c0251c1becacd2d938b51f46c79" title="minimize function of vector value by method of conjugate gradients" alt="" coords="833,30,1151,58">
<area shape="rect" id="node9" href="$classDFLib_1_1ReportCollection.html#dffd170257322f58734acb369bb720a4" title="Computes Maximum Likelihood solution of DF problem." alt="" coords="1200,5,1459,33">
<area shape="rect" id="node13" href="$nonoise_8cpp.html#3c04138a5bfe5d72780bb7e82a18e627" title="main" alt="" coords="1304,55,1355,83">
<area shape="rect" id="node11" href="$SimpleDF_8cpp.html#3c04138a5bfe5d72780bb7e82a18e627" title="main" alt="" coords="1507,5,1557,33">
