<area shape="rect" id="node3" href="$classDFLib_1_1Abstract_1_1Report.html#983bcbd2bc6fa9bab2b1081d759ca2b2" title="compute point at which the line from this report intersects that from another" alt="" coords="283,5,541,33">
<area shape="rect" id="node5" href="$classDFLib_1_1ReportCollection.html#ae93d643b545080d22987bf18d1bdf73" title="return the fix cut average of this collection&#39;s reports" alt="" coords="257,55,567,83">
<area shape="rect" id="node9" href="$classDFLib_1_1ReportCollection.html#4f37e88da4347af97dfdc2f7ac63f6f1" title="Computes least squares solution of DF problem." alt="" coords="251,106,573,134">
<area shape="rect" id="node12" href="$classDFLib_1_1ReportCollection.html#dffd170257322f58734acb369bb720a4" title="Computes Maximum Likelihood solution of DF problem." alt="" coords="283,157,541,185">
<area shape="rect" id="node7" href="$nonoise_8cpp.html#3c04138a5bfe5d72780bb7e82a18e627" title="main" alt="" coords="621,81,672,109">
<area shape="rect" id="node14" href="$SimpleDF_8cpp.html#3c04138a5bfe5d72780bb7e82a18e627" title="main" alt="" coords="621,157,672,185">
