<area shape="rect" id="node7" href="$DF__Proj__Report_8hpp.html" title="DF_Proj_Report.hpp" alt="" coords="197,161,341,189">
<area shape="rect" id="node31" href="$DF__ProjReport__Collection_8hpp.html" title="DF_ProjReport_Collection.hpp" alt="" coords="561,83,764,111">
<area shape="rect" id="node9" href="$port_8h.html" title="port.h" alt="" coords="736,393,792,421">
<area shape="rect" id="node12" href="$DF__Abstract__Report_8hpp.html" title="DF_Abstract_Report.hpp" alt="" coords="360,238,531,266">
<area shape="rect" id="node24" href="$DF__Proj__Point_8hpp.html" title="DF_Proj_Point.hpp" alt="" coords="203,238,336,266">
<area shape="rect" id="node20" href="$DF__Abstract__Point_8hpp.html" title="DF_Abstract_Point.hpp" alt="" coords="465,315,625,343">
<area shape="rect" id="node34" href="$DF__Report__Collection_8hpp.html" title="DF_Report_Collection.hpp" alt="" coords="573,161,752,189">
<area shape="rect" id="node38" href="$Util__Abstract__Group_8hpp.html" title="Util_Abstract_Group.hpp" alt="" coords="801,315,969,343">
