<area shape="rect" id="node3" href="$DF__ProjReport__Collection_8hpp.html" title="/users/russo/DFLib/DF_ProjReport_Collection.hpp" alt="" coords="155,83,475,111">
<area shape="rect" id="node9" href="$DF__Report__Collection_8cpp.html" title="/users/russo/DFLib/DF_Report_Collection.cpp" alt="" coords="499,83,795,111">
<area shape="rect" id="node11" href="$nonoise_8cpp.html" title="/users/russo/DFLib/nonoise.cpp" alt="" coords="819,83,1029,111">
<area shape="rect" id="node13" href="$SimpleDF_8cpp.html" title="/users/russo/DFLib/SimpleDF.cpp" alt="" coords="1053,83,1277,111">
<area shape="rect" id="node15" href="$testlsDF__ll_8cpp.html" title="/users/russo/DFLib/testlsDF_ll.cpp" alt="" coords="1301,83,1528,111">
<area shape="rect" id="node17" href="$testlsDF__proj_8cpp.html" title="/users/russo/DFLib/testlsDF_proj.cpp" alt="" coords="1552,83,1795,111">
<area shape="rect" id="node19" href="$testlsDFfix_8cpp.html" title="/users/russo/DFLib/testlsDFfix.cpp" alt="" coords="1819,83,2045,111">
<area shape="rect" id="node5" href="$DF__ProjReport__Collection_8cpp.html" title="/users/russo/DFLib/DF_ProjReport_Collection.cpp" alt="" coords="5,161,325,189">
<area shape="rect" id="node7" href="$SimpleDF2_8cpp.html" title="/users/russo/DFLib/SimpleDF2.cpp" alt="" coords="349,161,579,189">
