<area shape="rect" id="node3" href="$DF__Abstract__Report_8cpp.html" title="/users/russo/DFLib/DF_Abstract_Report.cpp" alt="" coords="41,83,326,111">
<area shape="rect" id="node5" href="$DF__LatLon__Report_8hpp.html" title="/users/russo/DFLib/DF_LatLon_Report.hpp" alt="" coords="842,83,1120,111">
<area shape="rect" id="node9" href="$DF__Proj__Report_8hpp.html" title="/users/russo/DFLib/DF_Proj_Report.hpp" alt="" coords="350,83,612,111">
<area shape="rect" id="node21" href="$DF__Report__Collection_8hpp.html" title="/users/russo/DFLib/DF_Report_Collection.hpp" alt="" coords="1144,83,1440,111">
<area shape="rect" id="node27" href="$DF__Report__Collection_8cpp.html" title="/users/russo/DFLib/DF_Report_Collection.cpp" alt="" coords="1469,161,1765,189">
<area shape="rect" id="node37" href="$DF__XY__Report_8hpp.html" title="/users/russo/DFLib/DF_XY_Report.hpp" alt="" coords="1774,83,2030,111">
<area shape="rect" id="node7" href="$testlsDF__ll_8cpp.html" title="/users/russo/DFLib/testlsDF_ll.cpp" alt="" coords="874,161,1101,189">
<area shape="rect" id="node11" href="$DF__Proj__Report_8cpp.html" title="/users/russo/DFLib/DF_Proj_Report.cpp" alt="" coords="24,161,285,189">
<area shape="rect" id="node13" href="$DF__ProjReport__Collection_8cpp.html" title="/users/russo/DFLib/DF_ProjReport_Collection.cpp" alt="" coords="326,238,646,266">
<area shape="rect" id="node15" href="$SimpleDF_8cpp.html" title="/users/russo/DFLib/SimpleDF.cpp" alt="" coords="626,161,850,189">
<area shape="rect" id="node17" href="$SimpleDF2_8cpp.html" title="/users/russo/DFLib/SimpleDF2.cpp" alt="" coords="689,238,918,266">
<area shape="rect" id="node19" href="$testlsDF__proj_8cpp.html" title="/users/russo/DFLib/testlsDF_proj.cpp" alt="" coords="360,161,602,189">
<area shape="rect" id="node23" href="$DF__ProjReport__Collection_8hpp.html" title="/users/russo/DFLib/DF_ProjReport_Collection.hpp" alt="" coords="1125,161,1445,189">
<area shape="rect" id="node29" href="$nonoise_8cpp.html" title="/users/russo/DFLib/nonoise.cpp" alt="" coords="2040,161,2250,189">
<area shape="rect" id="node34" href="$testlsDFfix_8cpp.html" title="/users/russo/DFLib/testlsDFfix.cpp" alt="" coords="1789,161,2016,189">
