<area shape="rect" id="node3" href="$DF__Proj__Point_8cpp.html" title="/users/russo/DFLib/DF_Proj_Point.cpp" alt="" coords="341,83,592,111">
<area shape="rect" id="node5" href="$DF__Proj__Report_8hpp.html" title="/users/russo/DFLib/DF_Proj_Report.hpp" alt="" coords="616,83,877,111">
<area shape="rect" id="node17" href="$ProjUnitTests_8cpp.html" title="/users/russo/DFLib/ProjUnitTests.cpp" alt="" coords="901,83,1147,111">
<area shape="rect" id="node7" href="$DF__Proj__Report_8cpp.html" title="/users/russo/DFLib/DF_Proj_Report.cpp" alt="" coords="5,161,267,189">
<area shape="rect" id="node9" href="$DF__ProjReport__Collection_8cpp.html" title="/users/russo/DFLib/DF_ProjReport_Collection.cpp" alt="" coords="291,161,611,189">
<area shape="rect" id="node11" href="$SimpleDF_8cpp.html" title="/users/russo/DFLib/SimpleDF.cpp" alt="" coords="635,161,859,189">
<area shape="rect" id="node13" href="$SimpleDF2_8cpp.html" title="/users/russo/DFLib/SimpleDF2.cpp" alt="" coords="883,161,1112,189">
<area shape="rect" id="node15" href="$testlsDF__proj_8cpp.html" title="/users/russo/DFLib/testlsDF_proj.cpp" alt="" coords="1136,161,1379,189">
