<area shape="rect" id="node3" href="$classDFLib_1_1ReportCollection.html#e9f1b6bf5605ae826957c6dcdd4a18ea" title="Add a DF report to the collection." alt="" coords="175,55,407,83">
<area shape="rect" id="node5" href="$classDFLib_1_1ReportCollection.html#32a26b1a0ac725f5edfcd0e8645fe84b" title="compute cost function for point x,y its gradient, and its hessian." alt="" coords="104,106,477,134">
<area shape="rect" id="node7" href="$classDFLib_1_1ReportCollection.html#ae93d643b545080d22987bf18d1bdf73" title="return the fix cut average of this collection&#39;s reports" alt="" coords="136,157,445,185">
<area shape="rect" id="node17" href="$classDFLib_1_1ReportCollection.html#4f37e88da4347af97dfdc2f7ac63f6f1" title="Computes least squares solution of DF problem." alt="" coords="129,207,452,235">
<area shape="rect" id="node22" href="$classDFLib_1_1Util_1_1Minimizer.html#a3937c0251c1becacd2d938b51f46c79" title="minimize function of vector value by method of conjugate gradients" alt="" coords="132,258,449,286">
<area shape="rect" id="node43" href="$nonoise_8cpp.html#bc677f3270b54623ba4f2bf5b87b15fd" title="convertLatLonToMerc" alt="" coords="215,309,367,337">
<area shape="rect" id="node45" href="$nonoise_8cpp.html#c06a9a14dccee41ce8fe544da3ad12c2" title="convertMercToLatLon" alt="" coords="215,359,367,387">
<area shape="rect" id="node47" href="$classDFLib_1_1Util_1_1Exception.html#3bd768700cd606d77d10a75f1fc91791" title="DFLib::Util::Exception::getEmsg" alt="" coords="185,410,396,438">
<area shape="rect" id="node49" href="$classDFLib_1_1Abstract_1_1Report.html#ee4e5f2ecc0050682b2dcbb85d9ba9b2" title="return receiver location in double vector of XY coords" alt="" coords="145,461,436,489">
<area shape="rect" id="node51" href="$classDFLib_1_1ReportCollection.html#d40068b03a0754de1ec85ffc943fc69d" title="DFLib::ReportCollection::getReport" alt="" coords="176,511,405,539">
<area shape="rect" id="node53" href="$classDFLib_1_1Abstract_1_1Report.html#68b62f719f4c09f8aff4d8890c6f0b3e" title="return reported bearing to target" alt="" coords="129,562,452,590">
<area shape="rect" id="node55" href="$classDFLib_1_1ReportCollection.html#d5949ddc82d7af6361821c2c7ede9334" title="DFLib::ReportCollection::size" alt="" coords="193,613,388,641">
<area shape="rect" id="node9" href="$classDFLib_1_1Abstract_1_1Point.html#d21d8288fcacc615451b632be60dccbf" title="Clone Self." alt="" coords="553,5,748,33">
<area shape="rect" id="node11" href="$classDFLib_1_1Abstract_1_1Point.html#76f5e11f829509129f05b0c8f4240f71" title="Get coordinates in the user&#39;s coordinate system." alt="" coords="525,55,776,83">
<area shape="rect" id="node13" href="$classDFLib_1_1Abstract_1_1Point.html#c24019510945a7f2683279938ab58a6a" title="Set coordinates in the user&#39;s coordinate system." alt="" coords="527,106,775,134">
<area shape="rect" id="node15" href="$classDFLib_1_1Abstract_1_1Point.html#bb3e5afd43b7d869953db4a8c858e311" title="Set X&#45;Y coordinates of the point." alt="" coords="553,157,748,185">
<area shape="rect" id="node19" href="$classDFLib_1_1Abstract_1_1Point.html#3fdd1fbfecb806f64b7315e507f05c12" title="Get X&#45;Y coordinates of the point." alt="" coords="552,207,749,235">
<area shape="rect" id="node24" href="$classDFLib_1_1Abstract_1_1Group.html#d22b4897bcb2e214bbcd9d645e4d8c06" title="DFLib::Abstract::Group::getFunctionValueAndGradient" alt="" coords="1436,385,1780,413">
<area shape="rect" id="node26" href="$classDFLib_1_1Util_1_1Minimizer.html#144e57b3492287fc57c1cdce8198cb3d" title="minimize function in given direction perform a line search along the given direction..." alt="" coords="541,309,760,337">
<area shape="rect" id="node34" href="$classDFLib_1_1Abstract_1_1Group.html#c13a7c44bdda484f39614de0d533f56b" title="Set the point at which to evaluate the function." alt="" coords="1469,283,1747,311">
<area shape="rect" id="node28" href="$classDFLib_1_1Util_1_1Minimizer.html#276ee473f3c9d3dfe847b6b845d60166" title="bracket minimum of function" alt="" coords="825,309,1079,337">
<area shape="rect" id="node36" href="$classDFLib_1_1Util_1_1Minimizer.html#82856e030143b0dc75733fac6e0bdc99" title="minimize by Brent&#39;s method with derivatives given a,b,c scalars that bracket..." alt="" coords="832,359,1072,387">
<area shape="rect" id="node30" href="$classDFLib_1_1Util_1_1Minimizer.html#93cf5064966c0a606c44c7ed355482e9" title="Evaluate &#160;where x0 and dir are vectors." alt="" coords="1156,309,1359,337">
<area shape="rect" id="node32" href="$classDFLib_1_1Abstract_1_1Group.html#56e8978276976b053afac5939c0fbafb" title="DFLib::Abstract::Group::getFunctionValue" alt="" coords="1473,334,1743,362">
<area shape="rect" id="node38" href="$classDFLib_1_1Util_1_1Minimizer.html#ab64f9b5f80364ad4d8249e6a5597bcc" title="DFLib::Util::Minimizer::simpleFandDeriv" alt="" coords="1129,359,1385,387">
