<area shape="rect" id="node13" href="$Util__Misc_8hpp.html" title="Util_Misc.hpp" alt="" coords="1243,238,1344,266">
<area shape="rect" id="node20" href="$gaussian__random_8hpp.html" title="gaussian_random.hpp" alt="" coords="5,161,157,189">
<area shape="rect" id="node26" href="$DF__Report__Collection_8hpp.html" title="DF_Report_Collection.hpp" alt="" coords="680,83,859,111">
<area shape="rect" id="node45" href="$DF__XY__Report_8hpp.html" title="DF_XY_Report.hpp" alt="" coords="328,83,467,111">
<area shape="rect" id="node54" href="$Util__Minimization__Methods_8hpp.html" title="Util_Minimization_Methods.hpp" alt="" coords="963,238,1168,266">
<area shape="rect" id="node15" href="$port_8h.html" title="port.h" alt="" coords="487,315,543,343">
<area shape="rect" id="node30" href="$Util__Abstract__Group_8hpp.html" title="Util_Abstract_Group.hpp" alt="" coords="669,238,837,266">
<area shape="rect" id="node34" href="$DF__Abstract__Report_8hpp.html" title="DF_Abstract_Report.hpp" alt="" coords="485,161,656,189">
<area shape="rect" id="node40" href="$DF__Abstract__Point_8hpp.html" title="DF_Abstract_Point.hpp" alt="" coords="435,238,595,266">
<area shape="rect" id="node50" href="$DF__XY__Point_8hpp.html" title="DF_XY_Point.hpp" alt="" coords="333,161,461,189">
