<area shape="rect" id="node3" href="$DF__Abstract__Point_8hpp.html" title="/users/russo/DFLib/DF_Abstract_Point.hpp" alt="" coords="1709,83,1987,111">
<area shape="rect" id="node5" href="$DF__Abstract__Report_8hpp.html" title="/users/russo/DFLib/DF_Abstract_Report.hpp" alt="" coords="1548,161,1836,189">
<area shape="rect" id="node9" href="$DF__LatLon__Report_8hpp.html" title="/users/russo/DFLib/DF_LatLon_Report.hpp" alt="" coords="1553,238,1831,266">
<area shape="rect" id="node13" href="$DF__Proj__Report_8hpp.html" title="/users/russo/DFLib/DF_Proj_Report.hpp" alt="" coords="908,238,1169,266">
<area shape="rect" id="node25" href="$DF__Report__Collection_8hpp.html" title="/users/russo/DFLib/DF_Report_Collection.hpp" alt="" coords="1855,238,2151,266">
<area shape="rect" id="node27" href="$DF__ProjReport__Collection_8hpp.html" title="/users/russo/DFLib/DF_ProjReport_Collection.hpp" alt="" coords="341,315,661,343">
<area shape="rect" id="node41" href="$DF__XY__Report_8hpp.html" title="/users/russo/DFLib/DF_XY_Report.hpp" alt="" coords="3159,238,3415,266">
<area shape="rect" id="node46" href="$DF__LatLon__Point_8hpp.html" title="/users/russo/DFLib/DF_LatLon_Point.hpp" alt="" coords="1255,161,1524,189">
<area shape="rect" id="node53" href="$DF__Proj__Point_8hpp.html" title="/users/russo/DFLib/DF_Proj_Point.hpp" alt="" coords="2040,161,2291,189">
<area shape="rect" id="node61" href="$DF__XY__Point_8hpp.html" title="/users/russo/DFLib/DF_XY_Point.hpp" alt="" coords="3164,161,3409,189">
<area shape="rect" id="node70" href="$Util__Misc_8hpp.html" title="/users/russo/DFLib/Util_Misc.hpp" alt="" coords="2276,238,2495,266">
<area shape="rect" id="node90" href="$Util__Abstract__Group_8hpp.html" title="/users/russo/DFLib/Util_Abstract_Group.hpp" alt="" coords="2416,161,2701,189">
<area shape="rect" id="node94" href="$Util__Minimization__Methods_8hpp.html" title="/users/russo/DFLib/Util_Minimization_Methods.hpp" alt="" coords="2812,238,3135,266">
<area shape="rect" id="node103" href="$gaussian__random_8hpp.html" title="/users/russo/DFLib/gaussian_random.hpp" alt="" coords="2519,238,2788,266">
<area shape="rect" id="node7" href="$DF__Abstract__Report_8cpp.html" title="/users/russo/DFLib/DF_Abstract_Report.cpp" alt="" coords="599,238,884,266">
<area shape="rect" id="node31" href="$DF__Report__Collection_8cpp.html" title="/users/russo/DFLib/DF_Report_Collection.cpp" alt="" coords="1541,315,1837,343">
<area shape="rect" id="node11" href="$testlsDF__ll_8cpp.html" title="/users/russo/DFLib/testlsDF_ll.cpp" alt="" coords="2405,315,2632,343">
<area shape="rect" id="node15" href="$DF__Proj__Report_8cpp.html" title="/users/russo/DFLib/DF_Proj_Report.cpp" alt="" coords="5,315,267,343">
<area shape="rect" id="node17" href="$DF__ProjReport__Collection_8cpp.html" title="/users/russo/DFLib/DF_ProjReport_Collection.cpp" alt="" coords="192,393,512,421">
<area shape="rect" id="node19" href="$SimpleDF_8cpp.html" title="/users/russo/DFLib/SimpleDF.cpp" alt="" coords="736,315,960,343">
<area shape="rect" id="node21" href="$SimpleDF2_8cpp.html" title="/users/russo/DFLib/SimpleDF2.cpp" alt="" coords="584,393,813,421">
<area shape="rect" id="node23" href="$testlsDF__proj_8cpp.html" title="/users/russo/DFLib/testlsDF_proj.cpp" alt="" coords="1275,315,1517,343">
<area shape="rect" id="node33" href="$nonoise_8cpp.html" title="/users/russo/DFLib/nonoise.cpp" alt="" coords="3251,315,3461,343">
<area shape="rect" id="node38" href="$testlsDFfix_8cpp.html" title="/users/russo/DFLib/testlsDFfix.cpp" alt="" coords="3000,315,3227,343">
<area shape="rect" id="node48" href="$DF__LatLon__Point_8cpp.html" title="/users/russo/DFLib/DF_LatLon_Point.cpp" alt="" coords="984,315,1251,343">
<area shape="rect" id="node51" href="$LLUnitTests_8cpp.html" title="/users/russo/DFLib/LLUnitTests.cpp" alt="" coords="1244,238,1479,266">
<area shape="rect" id="node55" href="$DF__Proj__Point_8cpp.html" title="/users/russo/DFLib/DF_Proj_Point.cpp" alt="" coords="1861,315,2112,343">
<area shape="rect" id="node58" href="$ProjUnitTests_8cpp.html" title="/users/russo/DFLib/ProjUnitTests.cpp" alt="" coords="2136,315,2381,343">
<area shape="rect" id="node63" href="$DF__XY__Point_8cpp.html" title="/users/russo/DFLib/DF_XY_Point.cpp" alt="" coords="3783,238,4028,266">
<area shape="rect" id="node66" href="$XYPointUnitTests_8cpp.html" title="/users/russo/DFLib/XYPointUnitTests.cpp" alt="" coords="3489,238,3759,266">
<area shape="rect" id="node74" href="$gaussian__random_8cpp.html" title="/users/russo/DFLib/gaussian_random.cpp" alt="" coords="2707,315,2976,343">
<area shape="rect" id="node83" href="$Util__Minimization__Methods_8cpp.html" title="/users/russo/DFLib/Util_Minimization_Methods.cpp" alt="" coords="3485,315,3808,343">
