<area shape="rect" id="node13" href="$DF__Report__Collection_8hpp.html" title="DF_Report_Collection.hpp" alt="" coords="668,83,846,111">
<area shape="rect" id="node33" href="$DF__Proj__Report_8hpp.html" title="DF_Proj_Report.hpp" alt="" coords="317,83,461,111">
<area shape="rect" id="node43" href="$Util__Misc_8hpp.html" title="Util_Misc.hpp" alt="" coords="613,161,714,189">
<area shape="rect" id="node15" href="$port_8h.html" title="port.h" alt="" coords="724,238,780,266">
<area shape="rect" id="node18" href="$Util__Abstract__Group_8hpp.html" title="Util_Abstract_Group.hpp" alt="" coords="840,161,1008,189">
<area shape="rect" id="node22" href="$DF__Abstract__Report_8hpp.html" title="DF_Abstract_Report.hpp" alt="" coords="418,161,589,189">
<area shape="rect" id="node29" href="$DF__Abstract__Point_8hpp.html" title="DF_Abstract_Point.hpp" alt="" coords="264,238,424,266">
<area shape="rect" id="node38" href="$DF__Proj__Point_8hpp.html" title="DF_Proj_Point.hpp" alt="" coords="109,161,242,189">
