<area shape="rect" id="node13" href="$DF__Proj__Report_8hpp.html" title="DF_Proj_Report.hpp" alt="" coords="525,161,669,189">
<area shape="rect" id="node33" href="$DF__ProjReport__Collection_8hpp.html" title="DF_ProjReport_Collection.hpp" alt="" coords="239,83,441,111">
<area shape="rect" id="node45" href="$Util__Misc_8hpp.html" title="Util_Misc.hpp" alt="" coords="387,238,488,266">
<area shape="rect" id="node15" href="$port_8h.html" title="port.h" alt="" coords="321,315,377,343">
<area shape="rect" id="node18" href="$DF__Abstract__Report_8hpp.html" title="DF_Abstract_Report.hpp" alt="" coords="512,238,683,266">
<area shape="rect" id="node28" href="$DF__Proj__Point_8hpp.html" title="DF_Proj_Point.hpp" alt="" coords="859,238,992,266">
<area shape="rect" id="node25" href="$DF__Abstract__Point_8hpp.html" title="DF_Abstract_Point.hpp" alt="" coords="728,315,888,343">
<area shape="rect" id="node35" href="$DF__Report__Collection_8hpp.html" title="DF_Report_Collection.hpp" alt="" coords="229,161,408,189">
<area shape="rect" id="node39" href="$Util__Abstract__Group_8hpp.html" title="Util_Abstract_Group.hpp" alt="" coords="93,238,261,266">
