<area shape="rect" id="node13" href="$DF__Proj__Report_8hpp.html" title="DF_Proj_Report.hpp" alt="" coords="230,161,374,189">
<area shape="rect" id="node35" href="$DF__ProjReport__Collection_8hpp.html" title="DF_ProjReport_Collection.hpp" alt="" coords="180,83,382,111">
<area shape="rect" id="node48" href="$Util__Misc_8hpp.html" title="Util_Misc.hpp" alt="" coords="704,238,805,266">
<area shape="rect" id="node15" href="$port_8h.html" title="port.h" alt="" coords="328,393,384,421">
<area shape="rect" id="node18" href="$DF__Abstract__Report_8hpp.html" title="DF_Abstract_Report.hpp" alt="" coords="438,238,609,266">
<area shape="rect" id="node29" href="$DF__Proj__Point_8hpp.html" title="DF_Proj_Point.hpp" alt="" coords="230,238,364,266">
<area shape="rect" id="node25" href="$DF__Abstract__Point_8hpp.html" title="DF_Abstract_Point.hpp" alt="" coords="444,315,604,343">
<area shape="rect" id="node38" href="$DF__Report__Collection_8hpp.html" title="DF_Report_Collection.hpp" alt="" coords="464,161,642,189">
<area shape="rect" id="node42" href="$Util__Abstract__Group_8hpp.html" title="Util_Abstract_Group.hpp" alt="" coords="806,315,974,343">
