<area shape="rect" id="node3" href="$classDFLib_1_1ReportCollection.html#e9f1b6bf5605ae826957c6dcdd4a18ea" title="Add a DF report to the collection." alt="" coords="149,55,381,83">
<area shape="rect" id="node5" href="$classDFLib_1_1ReportCollection.html#ae93d643b545080d22987bf18d1bdf73" title="return the fix cut average of this collection&#39;s reports" alt="" coords="111,106,420,134">
<area shape="rect" id="node15" href="$classDFLib_1_1ReportCollection.html#4f37e88da4347af97dfdc2f7ac63f6f1" title="Computes least squares solution of DF problem." alt="" coords="104,157,427,185">
<area shape="rect" id="node20" href="$classDFLib_1_1ReportCollection.html#dffd170257322f58734acb369bb720a4" title="Computes Maximum Likelihood solution of DF problem." alt="" coords="136,207,395,235">
<area shape="rect" id="node45" href="$classDFLib_1_1Util_1_1Exception.html#3bd768700cd606d77d10a75f1fc91791" title="DFLib::Util::Exception::getEmsg" alt="" coords="160,258,371,286">
<area shape="rect" id="node47" href="$classDFLib_1_1Proj_1_1Point.html#58e96f4fb00640ec762c709df6e0f573" title="get user position" alt="" coords="153,309,377,337">
<area shape="rect" id="node51" href="$SimpleDF_8cpp.html#fe2a9a82bb7fcd2de26d50dacd662836" title="printCoords" alt="" coords="220,359,311,387">
<area shape="rect" id="node53" href="$classDFLib_1_1Abstract_1_1Report.html#d79e7a5839266eb0b4cef3c1c53b9bfa" title="Set this report as invalid." alt="" coords="152,410,379,438">
<area shape="rect" id="node55" href="$classDFLib_1_1ReportCollection.html#d5949ddc82d7af6361821c2c7ede9334" title="DFLib::ReportCollection::size" alt="" coords="168,461,363,489">
<area shape="rect" id="node7" href="$classDFLib_1_1Abstract_1_1Point.html#d21d8288fcacc615451b632be60dccbf" title="Clone Self." alt="" coords="537,5,732,33">
<area shape="rect" id="node9" href="$classDFLib_1_1Abstract_1_1Point.html#76f5e11f829509129f05b0c8f4240f71" title="Get coordinates in the user&#39;s coordinate system." alt="" coords="509,55,760,83">
<area shape="rect" id="node11" href="$classDFLib_1_1Abstract_1_1Point.html#c24019510945a7f2683279938ab58a6a" title="Set coordinates in the user&#39;s coordinate system." alt="" coords="511,106,759,134">
<area shape="rect" id="node13" href="$classDFLib_1_1Abstract_1_1Point.html#bb3e5afd43b7d869953db4a8c858e311" title="Set X&#45;Y coordinates of the point." alt="" coords="537,157,732,185">
<area shape="rect" id="node17" href="$classDFLib_1_1Abstract_1_1Point.html#3fdd1fbfecb806f64b7315e507f05c12" title="Get X&#45;Y coordinates of the point." alt="" coords="536,207,733,235">
<area shape="rect" id="node22" href="$classDFLib_1_1Util_1_1Minimizer.html#a3937c0251c1becacd2d938b51f46c79" title="minimize function of vector value by method of conjugate gradients" alt="" coords="476,258,793,286">
<area shape="rect" id="node24" href="$classDFLib_1_1Abstract_1_1Group.html#d22b4897bcb2e214bbcd9d645e4d8c06" title="DFLib::Abstract::Group::getFunctionValueAndGradient" alt="" coords="1724,233,2068,261">
<area shape="rect" id="node26" href="$classDFLib_1_1Util_1_1Minimizer.html#144e57b3492287fc57c1cdce8198cb3d" title="minimize function in given direction perform a line search along the given direction..." alt="" coords="844,309,1063,337">
<area shape="rect" id="node34" href="$classDFLib_1_1Abstract_1_1Group.html#c13a7c44bdda484f39614de0d533f56b" title="Set the point at which to evaluate the function." alt="" coords="1757,309,2035,337">
<area shape="rect" id="node28" href="$classDFLib_1_1Util_1_1Minimizer.html#276ee473f3c9d3dfe847b6b845d60166" title="bracket minimum of function" alt="" coords="1113,359,1367,387">
<area shape="rect" id="node36" href="$classDFLib_1_1Util_1_1Minimizer.html#82856e030143b0dc75733fac6e0bdc99" title="minimize by Brent&#39;s method with derivatives given a,b,c scalars that bracket..." alt="" coords="1120,309,1360,337">
<area shape="rect" id="node30" href="$classDFLib_1_1Util_1_1Minimizer.html#93cf5064966c0a606c44c7ed355482e9" title="Evaluate &#160;where x0 and dir are vectors." alt="" coords="1444,359,1647,387">
<area shape="rect" id="node32" href="$classDFLib_1_1Abstract_1_1Group.html#56e8978276976b053afac5939c0fbafb" title="DFLib::Abstract::Group::getFunctionValue" alt="" coords="1761,359,2031,387">
<area shape="rect" id="node38" href="$classDFLib_1_1Util_1_1Minimizer.html#ab64f9b5f80364ad4d8249e6a5597bcc" title="DFLib::Util::Minimizer::simpleFandDeriv" alt="" coords="1417,309,1673,337">
<area shape="rect" id="node49" href="$classDFLib_1_1Proj_1_1Point.html#50d73db1c4ff9d4037e4cc3ce276b433" title="DFLib::Proj::Point::mercToUser" alt="" coords="531,309,739,337">
