<area shape="rect" id="node15" href="$Util__Misc_8hpp.html" title="Util_Misc.hpp" alt="" coords="5,238,107,266">
<area shape="rect" id="node22" href="$gaussian__random_8hpp.html" title="gaussian_random.hpp" alt="" coords="101,161,253,189">
<area shape="rect" id="node28" href="$DF__Report__Collection_8hpp.html" title="DF_Report_Collection.hpp" alt="" coords="907,83,1085,111">
<area shape="rect" id="node47" href="$DF__XY__Report_8hpp.html" title="DF_XY_Report.hpp" alt="" coords="445,83,584,111">
<area shape="rect" id="node56" href="$Util__Minimization__Methods_8hpp.html" title="Util_Minimization_Methods.hpp" alt="" coords="549,238,755,266">
<area shape="rect" id="node17" href="$port_8h.html" title="port.h" alt="" coords="484,315,540,343">
<area shape="rect" id="node32" href="$Util__Abstract__Group_8hpp.html" title="Util_Abstract_Group.hpp" alt="" coords="1064,238,1232,266">
<area shape="rect" id="node36" href="$DF__Abstract__Report_8hpp.html" title="DF_Abstract_Report.hpp" alt="" coords="429,161,600,189">
<area shape="rect" id="node42" href="$DF__Abstract__Point_8hpp.html" title="DF_Abstract_Point.hpp" alt="" coords="829,238,989,266">
<area shape="rect" id="node52" href="$DF__XY__Point_8hpp.html" title="DF_XY_Point.hpp" alt="" coords="624,161,752,189">
