<area shape="rect" id="node15" href="$Util__Misc_8hpp.html" title="Util_Misc.hpp" alt="" coords="1007,161,1108,189">
<area shape="rect" id="node22" href="$gaussian__random_8hpp.html" title="gaussian_random.hpp" alt="" coords="34,161,186,189">
<area shape="rect" id="node28" href="$DF__Report__Collection_8hpp.html" title="DF_Report_Collection.hpp" alt="" coords="494,83,672,111">
<area shape="rect" id="node46" href="$DF__Proj__Report_8hpp.html" title="DF_Proj_Report.hpp" alt="" coords="326,83,470,111">
<area shape="rect" id="node17" href="$port_8h.html" title="port.h" alt="" coords="703,238,759,266">
<area shape="rect" id="node32" href="$Util__Abstract__Group_8hpp.html" title="Util_Abstract_Group.hpp" alt="" coords="815,161,983,189">
<area shape="rect" id="node36" href="$DF__Abstract__Report_8hpp.html" title="DF_Abstract_Report.hpp" alt="" coords="519,161,690,189">
<area shape="rect" id="node42" href="$DF__Abstract__Point_8hpp.html" title="DF_Abstract_Point.hpp" alt="" coords="415,238,575,266">
<area shape="rect" id="node51" href="$DF__Proj__Point_8hpp.html" title="DF_Proj_Point.hpp" alt="" coords="311,161,444,189">
