<area shape="rect" id="node15" href="$Util__Misc_8hpp.html" title="Util_Misc.hpp" alt="" coords="1449,161,1551,189">
<area shape="rect" id="node22" href="$gaussian__random_8hpp.html" title="gaussian_random.hpp" alt="" coords="228,161,380,189">
<area shape="rect" id="node28" href="$DF__Report__Collection_8hpp.html" title="DF_Report_Collection.hpp" alt="" coords="815,83,993,111">
<area shape="rect" id="node46" href="$DF__LatLon__Report_8hpp.html" title="DF_LatLon_Report.hpp" alt="" coords="501,83,661,111">
<area shape="rect" id="node56" href="$Util__Minimization__Methods_8hpp.html" title="Util_Minimization_Methods.hpp" alt="" coords="1220,161,1425,189">
<area shape="rect" id="node17" href="$port_8h.html" title="port.h" alt="" coords="963,238,1019,266">
<area shape="rect" id="node32" href="$Util__Abstract__Group_8hpp.html" title="Util_Abstract_Group.hpp" alt="" coords="1028,161,1196,189">
<area shape="rect" id="node36" href="$DF__Abstract__Report_8hpp.html" title="DF_Abstract_Report.hpp" alt="" coords="732,161,903,189">
<area shape="rect" id="node42" href="$DF__Abstract__Point_8hpp.html" title="DF_Abstract_Point.hpp" alt="" coords="673,238,833,266">
<area shape="rect" id="node51" href="$DF__LatLon__Point_8hpp.html" title="DF_LatLon_Point.hpp" alt="" coords="505,161,657,189">
